<html>
<body>
<pre>
<h1>µVision Build Log</h1>
<h2>Tool Versions:</h2>
IDE-Version: µVision V5.28.0.0
Copyright (C) 2019 ARM Ltd and ARM Germany GmbH. All rights reserved.
License Information: Emre Karabek, AssemCorp, LIC=----
 
Tool Versions:
Toolchain:       MDK-Lite  Version: 5.28.0.0
Toolchain Path:  C:\Keil_v5\ARM\ARMCC\Bin
C Compiler:      Armcc.exe V5.06 update 6 (build 750)
Assembler:       Armasm.exe V5.06 update 6 (build 750)
Linker/Locator:  ArmLink.exe V5.06 update 6 (build 750)
Library Manager: ArmAr.exe V5.06 update 6 (build 750)
Hex Converter:   FromElf.exe V5.06 update 6 (build 750)
CPU DLL:         SARMCM3.DLL V5.28.0.0
Dialog DLL:      DARMCM1.DLL V1.19.2.0
Target DLL:      Segger\JL2CM3.dll V2.99.36.0
Dialog DLL:      TARMCM1.DLL V1.14.1.0
 
<h2>Project:</h2>
C:\Project\PUYA\Software\PY32F030_Keil_Template\Project.uvprojx
Project File Date:  02/20/2025

<h2>Output:</h2>
*** Using Compiler 'V5.06 update 6 (build 750)', folder: 'C:\Keil_v5\ARM\ARMCC\Bin'
Rebuild target 'app'
assembling startup_py32f030xx.s...
compiling py32f0xx_hal_exti.c...
compiling py32f0xx_hal_adc.c...
compiling py32f0xx_hal_msp.c...
compiling py32f0xx_it.c...
compiling py32f0xx_hal_comp.c...
compiling main.c...
Core\Src\main.c(181): warning:  #223-D: function "APP_ErrorHandler" declared implicitly
      APP_ErrorHandler();
Core\Src\main.c(192): warning:  #223-D: function "APP_ErrorHandler" declared implicitly
      APP_ErrorHandler();
Core\Src\main.c(201): warning:  #159-D: declaration is incompatible with previous "APP_ErrorHandler"  (declared at line 181)
  void APP_ErrorHandler(void)
Core\Src\main.c(64): warning:  #177-D: function "APP_GpioConfig"  was declared but never referenced
  static void APP_GpioConfig(void);
Core\Src\main.c: 4 warnings, 0 errors
compiling py32f0xx_hal_adc_ex.c...
compiling py32f0xx_hal_crc.c...
compiling py32f0xx_hal_cortex.c...
compiling system_py32f0xx.c...
compiling py32f0xx_hal_dma.c...
compiling py32f0xx_hal.c...
compiling py32f0xx_hal_flash.c...
compiling py32f0xx_hal_i2c.c...
compiling py32f0xx_hal_irda.c...
compiling py32f0xx_hal_gpio.c...
compiling py32f0xx_hal_iwdg.c...
compiling py32f0xx_hal_led.c...
compiling py32f0xx_hal_lptim.c...
compiling py32f0xx_hal_pwr.c...
compiling py32f0xx_hal_rtc_ex.c...
compiling py32f0xx_hal_spi.c...
compiling py32f0xx_hal_rtc.c...
compiling py32f0xx_hal_tim.c...
compiling py32f0xx_hal_rcc_ex.c...
compiling py32f0xx_hal_rcc.c...
compiling py32f0xx_hal_tim_ex.c...
compiling py32f0xx_hal_usart.c...
compiling py32f0xx_hal_wwdg.c...
compiling py32f030xx_Start_Kit.c...
compiling py32f0xx_hal_uart.c...
linking...
Program Size: Code=4052 RO-data=340 RW-data=236 ZI-data=1124  
FromELF: creating hex file...
".\Objects\temp.axf" - 0 Error(s), 4 Warning(s).

<h2>Software Packages used:</h2>

Package Vendor: ARM
                https://www.keil.com/pack/ARM.CMSIS.6.1.0.pack
                ARM.CMSIS.6.1.0
                CMSIS (Common Microcontroller Software Interface Standard)
   * Component: CORE Version: 6.1.0

Package Vendor: Puya
                https://www.puyasemi.com/uploadfiles/Puya.PY32F0xx_DFP.1.2.2.pack
                Puya.PY32F0xx_DFP.1.2.2
                Puya PY32F0 Series Device Support

<h2>Collection of Component include folders:</h2>
  .\RTE\_app
  C:\Users\emre.karabek\AppData\Local\Arm\Packs\ARM\CMSIS\6.1.0\CMSIS\Core\Include
  C:\Users\emre.karabek\AppData\Local\Arm\Packs\Puya\PY32F0xx_DFP\1.2.2\Drivers\CMSIS\Device\PY32F0xx\Include

<h2>Collection of Component Files used:</h2>

   * Component: ARM::CMSIS:CORE:6.1.0
Build Time Elapsed:  00:00:02
</pre>
</body>
</html>
